// Jest Snapshot v1, https://goo.gl/fbAQLP

exports[`Breadcrumbs component renders nothing if 0 items 1`] = `<DocumentFragment />`;

exports[`Breadcrumbs component renders without crashing 1`] = `
<DocumentFragment>
  <div
    aria-label="breadcrumb navigation"
    class="ls-breadcrumbs"
    role="navigation"
  >
    <ol
      class="ls-breadcrumbs__list"
    >
      <li
        class="ls-breadcrumbs__list-item"
      >
        <a
          class="ls-breadcrumbs__link"
          href="/"
        >
          Home
        </a>
      </li>
      <li
        aria-current="page"
        class="ls-breadcrumbs__list-item"
      >
        test 
      </li>
    </ol>
  </div>
</DocumentFragment>
`;
